[38;2;233;229;219;48;2;7;7;6m                                                                                                                        [m
[38;2;233;229;219;48;2;7;7;6m                                                                                                                        [m
[38;2;233;229;219;48;2;7;7;6m                                                                                                                        [m
[38;2;233;229;219;48;2;7;7;6m                                                                                                                        [m
[38;2;233;229;219;48;2;7;7;6m                                                                                                                        [m
[38;2;233;229;219;48;2;7;7;6m                                                                                                                        [m
[38;2;233;229;219;48;2;7;7;6m                                                                                                                        [m
[38;2;233;229;219;48;2;7;7;6m                                                                                                                        [m
[38;2;233;229;219;48;2;7;7;6m                                          [m[1;38;2;248;245;237;48;2;14;14;12mkeyboard shortcuts                 [m[38;2;233;229;219;48;2;7;7;6m                                           [m
[38;2;233;229;219;48;2;7;7;6m                                          [m[38;2;233;229;219;48;2;14;14;12m                                   [m[38;2;233;229;219;48;2;7;7;6m                                           [m
[38;2;233;229;219;48;2;7;7;6m                                          [m[1;38;2;248;245;237;48;2;14;14;12m  navigation                       [m[38;2;233;229;219;48;2;7;7;6m                                           [m
[38;2;233;229;219;48;2;7;7;6m                                          [m[38;2;233;229;219;48;2;14;14;12m    tab          next field        [m[38;2;233;229;219;48;2;7;7;6m                                           [m
[38;2;233;229;219;48;2;7;7;6m                                          [m[38;2;233;229;219;48;2;14;14;12m    shift+tab    prev field        [m[38;2;233;229;219;48;2;7;7;6m                                           [m
[38;2;233;229;219;48;2;7;7;6m                                          [m[38;2;233;229;219;48;2;14;14;12m    ↓/j          down              [m[38;2;233;229;219;48;2;7;7;6m                                           [m
[38;2;233;229;219;48;2;7;7;6m                                          [m[38;2;233;229;219;48;2;14;14;12m    PgDn         page down         [m[38;2;233;229;219;48;2;7;7;6m                                           [m
[38;2;233;229;219;48;2;7;7;6m                                          [m[38;2;233;229;219;48;2;14;14;12m    shift+g      go to bottom      [m[38;2;233;229;219;48;2;7;7;6m                                           [m
[38;2;233;229;219;48;2;7;7;6m                                          [m[38;2;233;229;219;48;2;14;14;12m    shift+j      next project      [m[38;2;233;229;219;48;2;7;7;6m                                           [m
[38;2;233;229;219;48;2;7;7;6m                                          [m[38;2;233;229;219;48;2;14;14;12m    ←/h          collapse          [m[38;2;233;229;219;48;2;7;7;6m                                           [m
[38;2;233;229;219;48;2;7;7;6m                                          [m[38;2;233;229;219;48;2;14;14;12m    ctrl+o       collapse all      [m[38;2;233;229;219;48;2;7;7;6m                                           [m
[38;2;233;229;219;48;2;7;7;6m                                          [m[38;2;233;229;219;48;2;14;14;12m    ctrl+h       focus left pane   [m[38;2;233;229;219;48;2;7;7;6m                                           [m
[38;2;233;229;219;48;2;7;7;6m                                          [m[38;2;233;229;219;48;2;14;14;12m    ctrl+l       focus right pane  [m[38;2;233;229;219;48;2;7;7;6m                                           [m
[38;2;233;229;219;48;2;7;7;6m                                          [m[38;2;233;229;219;48;2;14;14;12m                                   [m[38;2;233;229;219;48;2;7;7;6m                                           [m
[38;2;233;229;219;48;2;7;7;6m                                          [m[1;38;2;248;245;237;48;2;14;14;12m  actions                          [m[38;2;233;229;219;48;2;7;7;6m                                           [m
[38;2;233;229;219;48;2;7;7;6m                                          [m[38;2;233;229;219;48;2;14;14;12m    /            search            [m[38;2;233;229;219;48;2;7;7;6m                                           [m
[38;2;233;229;219;48;2;7;7;6m                                          [m[38;2;233;229;219;48;2;14;14;12m    space        select            [m[38;2;233;229;219;48;2;7;7;6m                                           [m
[38;2;233;229;219;48;2;7;7;6m                                          [m[38;2;233;229;219;48;2;14;14;12m    a            select all        [m[38;2;233;229;219;48;2;7;7;6m                                           [m
[38;2;233;229;219;48;2;7;7;6m                                          [m[38;2;233;229;219;48;2;14;14;12m    ?            help              [m[38;2;233;229;219;48;2;7;7;6m                                           [m
[38;2;233;229;219;48;2;7;7;6m                                          [m[38;2;233;229;219;48;2;14;14;12m    esc          back              [m[38;2;233;229;219;48;2;7;7;6m                                           [m
[38;2;233;229;219;48;2;7;7;6m                                          [m[38;2;233;229;219;48;2;14;14;12m    enter        confirm           [m[38;2;233;229;219;48;2;7;7;6m                                           [m
[38;2;233;229;219;48;2;7;7;6m                                          [m[38;2;233;229;219;48;2;14;14;12m    q            quit              [m[38;2;233;229;219;48;2;7;7;6m                                           [m
[38;2;233;229;219;48;2;7;7;6m                                          [m[38;2;233;229;219;48;2;14;14;12m                                   [m[38;2;233;229;219;48;2;7;7;6m                                           [m
[38;2;233;229;219;48;2;7;7;6m                                          [m[38;2;233;229;219;48;2;14;14;12m  press ? or esc to close          [m[38;2;233;229;219;48;2;7;7;6m                                           [m
[38;2;233;229;219;48;2;7;7;6m                                                                                                                        [m
[38;2;233;229;219;48;2;7;7;6m                                                                                                                        [m
[38;2;233;229;219;48;2;7;7;6m                                                                                                                        [m
[38;2;233;229;219;48;2;7;7;6m                                                                                                                        [m
[38;2;233;229;219;48;2;7;7;6m                                                                                                                        [m
[38;2;233;229;219;48;2;7;7;6m                                                                                                                        [m
[38;2;233;229;219;48;2;7;7;6m                                                                                                                        [m
[38;2;233;229;219;48;2;7;7;6m                                                                                                                        [m