[38;2;20;16;3;48;2;203;163;92m▸ [m[38;2;233;229;219;48;2;7;7;6m[m[38;2;154;148;136m▾ [m[38;2;154;148;136m[ ][m[38;2;233;229;219;48;2;7;7;6m [m[38;2;20;16;3;48;2;203;163;92macme/tool                                                               [m
[38;2;233;229;219;48;2;7;7;6m  [m[38;2;233;229;219;48;2;7;7;6m  [m[38;2;154;148;136m  [m[38;2;154;148;136m[ ][m[38;2;233;229;219;48;2;7;7;6m [m[38;2;233;229;219;48;2;7;7;6mparent session                                                        [m
[38;2;233;229;219;48;2;7;7;6m  [m[38;2;154;148;136m          + 2 child sessions                                                  [m
[38;2;233;229;219;48;2;7;7;6m  [m[38;2;233;229;219;48;2;7;7;6m  [m[38;2;154;148;136m  [m[38;2;154;148;136m[ ][m[38;2;233;229;219;48;2;7;7;6m [m[38;2;233;229;219;48;2;7;7;6mplain session                                                         [m
[38;2;233;229;219;48;2;7;7;6m                                                                                [m
[38;2;233;229;219;48;2;7;7;6m                                                                                [m
[38;2;233;229;219;48;2;7;7;6m                                                                                [m
[38;2;233;229;219;48;2;7;7;6m                                                                                [m
[38;2;233;229;219;48;2;7;7;6m                                                                                [m
[38;2;233;229;219;48;2;7;7;6m                                                                                [m
[38;2;233;229;219;48;2;7;7;6m                                                                                [m
[38;2;233;229;219;48;2;7;7;6m                                                                                [m
[38;2;233;229;219;48;2;7;7;6m                                                                                [m
[38;2;233;229;219;48;2;7;7;6m                                                                                [m
[38;2;233;229;219;48;2;7;7;6m                                                                                [m
[38;2;233;229;219;48;2;7;7;6m                                                                                [m
[38;2;233;229;219;48;2;7;7;6m                                                                                [m
[38;2;233;229;219;48;2;7;7;6m                                                                                [m
[38;2;233;229;219;48;2;7;7;6m                                                                                [m
[38;2;233;229;219;48;2;7;7;6m                                                                                [m
[38;2;233;229;219;48;2;7;7;6m                                                                                [m
[38;2;233;229;219;48;2;7;7;6m                                                                                [m
[38;2;233;229;219;48;2;7;7;6m                                                                                [m
[38;2;233;229;219;48;2;7;7;6m                                                                                [m