[38;2;233;229;219;48;2;7;7;6m                                                                                [m
[38;2;233;229;219;48;2;7;7;6m                                                                                [m
[38;2;233;229;219;48;2;7;7;6m                                                                                [m
[38;2;233;229;219;48;2;7;7;6m                                                                                [m
[38;2;233;229;219;48;2;7;7;6m                                                                                [m
[38;2;233;229;219;48;2;7;7;6m                                                                                [m
[38;2;233;229;219;48;2;7;7;6m                                                                                [m
[38;2;233;229;219;48;2;7;7;6m                              [m[1;38;2;248;245;237mconnect to a village[m[38;2;233;229;219;48;2;7;7;6m                              [m
[38;2;233;229;219;48;2;7;7;6m                                        [m[38;2;233;229;219;48;2;7;7;6m                                        [m
[38;2;233;229;219;48;2;7;7;6m             [m[38;2;154;148;136m- a village is a shared commons for agent transcripts.[m[38;2;233;229;219;48;2;7;7;6m             [m
[38;2;233;229;219;48;2;7;7;6m                  [m[38;2;154;148;136m- local mode keeps all data on this machine.[m[38;2;233;229;219;48;2;7;7;6m                  [m
[38;2;233;229;219;48;2;7;7;6m           [m[38;2;154;148;136m- connecting sends nothing until a later explicit publish.[m[38;2;233;229;219;48;2;7;7;6m           [m
[38;2;233;229;219;48;2;7;7;6m              [m[38;2;154;148;136m- publishing is separate. it is explicit and opt-in.[m[38;2;233;229;219;48;2;7;7;6m              [m
[38;2;233;229;219;48;2;7;7;6m             [m[38;2;154;148;136m- you can connect later with `peasant village login`.[m[38;2;233;229;219;48;2;7;7;6m              [m
[38;2;233;229;219;48;2;7;7;6m                                        [m[38;2;233;229;219;48;2;7;7;6m                                        [m
[38;2;233;229;219;48;2;7;7;6m                           [m[38;2;233;229;219;48;2;7;7;6mconnect to a village now?[m[38;2;233;229;219;48;2;7;7;6m                            [m
[38;2;233;229;219;48;2;7;7;6m                                [m[38;2;154;148;136m  yes  [m[38;2;233;229;219;48;2;7;7;6m  [m[38;2;20;16;3;48;2;203;163;92m[ no ][m[38;2;233;229;219;48;2;7;7;6m                                 [m
[38;2;233;229;219;48;2;7;7;6m                                                                                [m
[38;2;233;229;219;48;2;7;7;6m                                                                                [m
[38;2;233;229;219;48;2;7;7;6m                                                                                [m
[38;2;233;229;219;48;2;7;7;6m                                                                                [m
[38;2;233;229;219;48;2;7;7;6m                                                                                [m
[38;2;233;229;219;48;2;7;7;6m                                                                                [m
[38;2;233;229;219;48;2;7;7;6m                                                                                [m