[38;2;233;229;219;48;2;7;7;6m                                                                                [m
[38;2;233;229;219;48;2;7;7;6m                                                                                [m
[38;2;233;229;219;48;2;7;7;6m                                                                                [m
[38;2;233;229;219;48;2;7;7;6m                                                                                [m
[38;2;233;229;219;48;2;7;7;6m                                                                                [m
[38;2;233;229;219;48;2;7;7;6m                                                                                [m
[38;2;233;229;219;48;2;7;7;6m                                                                                [m
[38;2;233;229;219;48;2;7;7;6m                           [m[1;38;2;248;245;237mchoose sharing visibility[m[38;2;233;229;219;48;2;7;7;6m                            [m
[38;2;233;229;219;48;2;7;7;6m                                        [m[38;2;233;229;219;48;2;7;7;6m                                        [m
[38;2;233;229;219;48;2;7;7;6m          [m[38;2;154;148;136m- logging in now reveals a default sharing visibility for a[m[38;2;233;229;219;48;2;7;7;6m           [m
[38;2;233;229;219;48;2;7;7;6m                                 [m[38;2;154;148;136mlater publish.[m[38;2;233;229;219;48;2;7;7;6m                                 [m
[38;2;233;229;219;48;2;7;7;6m                          [m[38;2;154;148;136m- login only authenticates.[m[38;2;233;229;219;48;2;7;7;6m                           [m
[38;2;233;229;219;48;2;7;7;6m                       [m[38;2;154;148;136m- login does not save your draft.[m[38;2;233;229;219;48;2;7;7;6m                        [m
[38;2;233;229;219;48;2;7;7;6m                       [m[38;2;154;148;136m- login does not publish anything.[m[38;2;233;229;219;48;2;7;7;6m                       [m
[38;2;233;229;219;48;2;7;7;6m                                        [m[38;2;233;229;219;48;2;7;7;6m                                        [m
[38;2;233;229;219;48;2;7;7;6m               [m[38;2;233;229;219;48;2;7;7;6mlog in now to choose a default sharing visibility?[m[38;2;233;229;219;48;2;7;7;6m               [m
[38;2;233;229;219;48;2;7;7;6m                                [m[38;2;154;148;136m  yes  [m[38;2;233;229;219;48;2;7;7;6m  [m[38;2;20;16;3;48;2;203;163;92m[ no ][m[38;2;233;229;219;48;2;7;7;6m                                 [m
[38;2;233;229;219;48;2;7;7;6m                                                                                [m
[38;2;233;229;219;48;2;7;7;6m                                                                                [m
[38;2;233;229;219;48;2;7;7;6m                                                                                [m
[38;2;233;229;219;48;2;7;7;6m                                                                                [m
[38;2;233;229;219;48;2;7;7;6m                                                                                [m
[38;2;233;229;219;48;2;7;7;6m                                                                                [m
[38;2;233;229;219;48;2;7;7;6m                                                                                [m